// Jest Snapshot v1, https://goo.gl/fbAQLP

exports[`renders correctly when there are no Login 1`] = `
<div
  className="container"
>
  <div
    className="justify-content-md-center row"
  >
    <div
      className="col-md-4"
    >
      <div
        style={
          Object {
            "position": "relative",
          }
        }
      />
      <form
        className="mb-4 mt-5"
        noValidate={true}
        onSubmit={[Function]}
      >
        <h3
          className="text-center mb-4"
        >
          Forgot Password
        </h3>
        <p
          className="text-muted text-center mb-4"
        >
          No worries happens to all of us, we got you fam. ðŸ˜Œ
        </p>
        <div
          className="form-group"
        >
          <label
            className="form-label"
            htmlFor="formBasicEmail"
          >
            Email address
          </label>
          <input
            className="form-control"
            disabled={false}
            id="formBasicEmail"
            name="email"
            onBlur={[Function]}
            onChange={[Function]}
            placeholder="Enter email"
            type="email"
            value=""
          />
          <div
            className="invalid-feedback"
          />
        </div>
        <button
          className="btn btn-primary btn-block"
          disabled={false}
          type="submit"
        >
          Proceed
        </button>
      </form>
      <p
        className="text-muted text-center"
      >
        Don't have an account yet?
         
         
        <a
          href="/register"
          onClick={[Function]}
        >
          Sign up.
        </a>
         
      </p>
    </div>
  </div>
</div>
`;
